[hyper-sloths.com/index.html]
[backblue.gif]
[fade.gif]
[index.html]
[hyper-sloths.com/profile_images/1481698124758462465/gMMj9xk1_400x400.jpg]
[hyper-sloths.com/css/style.css]
[hyper-sloths.com/images/image.png]
[hyper-sloths.com/images/logo.png]
[hyper-sloths.com/images/social-1.png]
[hyper-sloths.com/HYPER_SLOTHS.html]
[hyper-sloths.com/images/social-2.png]
[hyper-sloths.com/libs/jquery/jquery-3.2.1.min.js]
[hyper-sloths.com/js/main.js]
[hyper-sloths.com/index.html]
[hyper-sloths.com/@metamask/legacy-web3@2.0.0/dist/metamask.web3.min.js]
[hyper-sloths.com/fonts/Montserrat-Medium.woff2]
[hyper-sloths.com/fonts/Montserrat-Medium.woff]
[hyper-sloths.com/fonts/Montserrat-Bold.woff2]
[hyper-sloths.com/fonts/Montserrat-Regular.woff2]
[hyper-sloths.com/fonts/Montserrat-Regular.woff]
[hyper-sloths.com/css/style.css]
[hyper-sloths.com/discord.gg/hypersloths.html]
[abs.twimg.com/responsive-web/client-web-legacy/polyfills.57a6b1c5.js]
[abs.twimg.com/responsive-web/client-web-legacy/vendors_main.1c2024e5.js]
[abs.twimg.com/responsive-web/client-web-legacy/i18n/en.21a1d0d5.js]
[abs.twimg.com/responsive-web/client-web-legacy/main.12014b15.js]
[abs.twimg.com/responsive-web/client-web-legacy/icon-ios.b1fc7275.png]
[abs.twimg.com/errors/logo46x38.png]
[hyper-sloths.com/HYPER_SLOTHS.html]
[hyper-sloths.com/manifest.html]
[hyper-sloths.com/opensearch.html]
